// Jest Snapshot v1, https://goo.gl/fbAQLP

exports[`renders homepage unchanged 1`] = `
<div>
  <main
    data-testid="main"
  >
    <div
      class="css-h94677"
    >
      <div
        class="chakra-form-control css-19ipwzw"
        data-testid="switcher-control"
        role="group"
      >
        <label
          class="chakra-form__label css-16xaqf9"
          data-testid="switcher-label"
          for="dark-mode-switch"
          id="field-:r0:-label"
        >
          Enable dark mode?
        </label>
        <label
          class="chakra-switch css-dxtz5e"
          data-testid="switcher"
        >
          <input
            aria-disabled="false"
            aria-invalid="false"
            class="chakra-switch__input"
            id="dark-mode-switch"
            style="border: 0px; clip: rect(0px, 0px, 0px, 0px); height: 1px; width: 1px; margin: -1px; padding: 0px; overflow: hidden; white-space: nowrap; position: absolute;"
            type="checkbox"
            value=""
          />
          <span
            aria-hidden="true"
            class="chakra-switch__track css-p27qcy"
          >
            <span
              class="chakra-switch__thumb css-7roig"
            />
          </span>
        </label>
      </div>
      <h2
        class="chakra-heading css-1vafmc6"
      >
        Mars Rover Photos
      </h2>
      <div
        class="chakra-tabs css-13o7eu2"
        data-testid="tabs-container"
      >
        <div
          aria-orientation="horizontal"
          class="chakra-tabs__tablist css-176hoj3"
          role="tablist"
        >
          <button
            aria-controls="tabs-:r2:--tabpanel-0"
            aria-disabled="false"
            aria-selected="true"
            class="chakra-tabs__tab css-h5lhea"
            data-index="0"
            id="tabs-:r2:--tab-0"
            role="tab"
            tabindex="0"
            type="button"
          >
            Curiosity
          </button>
          <button
            aria-controls="tabs-:r2:--tabpanel-1"
            aria-disabled="false"
            aria-selected="false"
            class="chakra-tabs__tab css-h5lhea"
            data-index="1"
            id="tabs-:r2:--tab-1"
            role="tab"
            tabindex="-1"
            type="button"
          >
            Opportunity
          </button>
          <button
            aria-controls="tabs-:r2:--tabpanel-2"
            aria-disabled="false"
            aria-selected="false"
            class="chakra-tabs__tab css-h5lhea"
            data-index="2"
            id="tabs-:r2:--tab-2"
            role="tab"
            tabindex="-1"
            type="button"
          >
            Spirit
          </button>
        </div>
        <div
          class="chakra-tabs__tab-panels css-8atqhb"
        >
          <div
            aria-labelledby="tabs-:r2:--tab-0"
            class="chakra-tabs__tab-panel css-a5mhaz"
            id="tabs-:r2:--tabpanel-0"
            role="tabpanel"
            tabindex="0"
          >
            <div
              class="css-tk56ai"
            >
              <button
                class="chakra-button css-m4jvpz"
                type="button"
              >
                Open Filters
              </button>
              <h2
                class="chakra-heading css-1dklj6k"
              >
                Page: 1
              </h2>
            </div>
            <div
              class="css-xi606m"
              data-testid="loading-container"
            >
              <div
                class="chakra-spinner css-4gics4"
                data-testid="loading-spinner"
              >
                <span
                  class="css-8b45rq"
                >
                  Loading...
                </span>
              </div>
            </div>
          </div>
          <div
            aria-labelledby="tabs-:r2:--tab-1"
            class="chakra-tabs__tab-panel css-a5mhaz"
            hidden=""
            id="tabs-:r2:--tabpanel-1"
            role="tabpanel"
            tabindex="0"
          >
            <div
              class="css-tk56ai"
            >
              <button
                class="chakra-button css-m4jvpz"
                type="button"
              >
                Open Filters
              </button>
              <h2
                class="chakra-heading css-1dklj6k"
              >
                Page: 1
              </h2>
            </div>
            <div
              class="css-xi606m"
              data-testid="loading-container"
            >
              <div
                class="chakra-spinner css-4gics4"
                data-testid="loading-spinner"
              >
                <span
                  class="css-8b45rq"
                >
                  Loading...
                </span>
              </div>
            </div>
          </div>
          <div
            aria-labelledby="tabs-:r2:--tab-2"
            class="chakra-tabs__tab-panel css-a5mhaz"
            hidden=""
            id="tabs-:r2:--tabpanel-2"
            role="tabpanel"
            tabindex="0"
          >
            <div
              class="css-tk56ai"
            >
              <button
                class="chakra-button css-m4jvpz"
                type="button"
              >
                Open Filters
              </button>
              <h2
                class="chakra-heading css-1dklj6k"
              >
                Page: 1
              </h2>
            </div>
            <div
              class="css-xi606m"
              data-testid="loading-container"
            >
              <div
                class="chakra-spinner css-4gics4"
                data-testid="loading-spinner"
              >
                <span
                  class="css-8b45rq"
                >
                  Loading...
                </span>
              </div>
            </div>
          </div>
        </div>
      </div>
      <div
        class="css-0"
        data-testid="sidebar-container"
      />
    </div>
  </main>
  <span
    hidden=""
    id="__chakra_env"
  />
</div>
`;
